
[1m[46m RUN [49m[22m [36mv4.0.14 [39m[90mC:/Users/ESTEBAN/Documents/Git/control-gastos[39m

 [32mÔ£ô[39m src/components/Navigation.test.tsx [2m([22m[2m2 tests[22m[2m)[22m[32m 63[2mms[22m[39m
 [32mÔ£ô[39m src/app/(dashboard)/plazos/page.test.tsx [2m([22m[2m3 tests[22m[2m)[22m[32m 133[2mms[22m[39m
 [32mÔ£ô[39m src/app/(dashboard)/prestamos/page.test.tsx [2m([22m[2m3 tests[22m[2m)[22m[32m 110[2mms[22m[39m
 [32mÔ£ô[39m src/app/(dashboard)/ingresos/page.test.tsx [2m([22m[2m3 tests[22m[2m)[22m[32m 142[2mms[22m[39m
 [32mÔ£ô[39m src/app/(dashboard)/gastos-compartidos/page.test.tsx [2m([22m[2m2 tests[22m[2m)[22m[32m 118[2mms[22m[39m
 [32mÔ£ô[39m src/app/(dashboard)/gastos/page.test.tsx [2m([22m[2m3 tests[22m[2m)[22m[32m 168[2mms[22m[39m
 [31mÔØ»[39m src/app/page.test.tsx [2m([22m[2m2 tests[22m[2m | [22m[31m2 failed[39m[2m)[22m[32m 67[2mms[22m[39m
[31m     [31m├ù[31m calculates and displays totals correctly[39m[32m 36[2mms[22m[39m
[31m     [31m├ù[31m renders recent transactions[39m[32m 29[2mms[22m[39m

[2m Test Files [22m [1m[31m1 failed[39m[22m[2m | [22m[1m[32m6 passed[39m[22m[90m (7)[39m
[2m      Tests [22m [1m[31m2 failed[39m[22m[2m | [22m[1m[32m16 passed[39m[22m[90m (18)[39m
[2m   Start at [22m 00:54:40
[2m   Duration [22m 5.93s[2m (transform 1.17s, setup 1.70s, import 19.18s, tests 802ms, environment 9.56s)[22m

